Error: Required modules not found. Ensure utils.py and simple_cnn_config.py are accessible: No module named 'utils'
Error: Required modules not found: No module named 'utils'
sys.executable: C:\Users\Haris\anaconda3\envs\pqbfl_fix\python.exe
sys.path (first entries): ['D:\\Haris NSUT\\Semester 7\\BTP\\PQBFL_IMPLE_GIT', 'D:\\Haris NSUT\\Semester 7\\BTP\\PQBFL_IMPLE_GIT\\PQBFL-main\\server\\tools', 'C:\\Users\\Haris\\anaconda3\\envs\\pqbfl_fix\\python310.zip', 'C:\\Users\\Haris\\anaconda3\\envs\\pqbfl_fix\\DLLs', 'C:\\Users\\Haris\\anaconda3\\envs\\pqbfl_fix\\lib', 'C:\\Users\\Haris\\anaconda3\\envs\\pqbfl_fix', 'C:\\Users\\Haris\\anaconda3\\envs\\pqbfl_fix\\lib\\site-packages', 'C:\\Users\\Haris\\anaconda3\\envs\\pqbfl_fix\\lib\\site-packages\\win32']
Error: Required modules not found or import failed: No module named 'simple_cnn_config'
sys.executable: C:\Users\Haris\anaconda3\envs\pqbfl_fix\python.exe
sys.path (first entries): ['D:\\Haris NSUT\\Semester 7\\BTP\\PQBFL_IMPLE_GIT\\PQBFL-main', 'D:\\Haris NSUT\\Semester 7\\BTP\\PQBFL_IMPLE_GIT\\PQBFL-main\\server\\tools', 'C:\\Users\\Haris\\anaconda3\\envs\\pqbfl_fix\\python310.zip', 'C:\\Users\\Haris\\anaconda3\\envs\\pqbfl_fix\\DLLs', 'C:\\Users\\Haris\\anaconda3\\envs\\pqbfl_fix\\lib', 'C:\\Users\\Haris\\anaconda3\\envs\\pqbfl_fix', 'C:\\Users\\Haris\\anaconda3\\envs\\pqbfl_fix\\lib\\site-packages', 'C:\\Users\\Haris\\anaconda3\\envs\\pqbfl_fix\\lib\\site-packages\\win32']
Error: Required modules not found or import failed: No module named 'simple_cnn_config'
sys.executable: C:\Users\Haris\anaconda3\envs\pqbfl_fix\python.exe
sys.path (first entries): ['D:\\Haris NSUT\\Semester 7\\BTP\\PQBFL_IMPLE_GIT\\PQBFL-main', 'D:\\Haris NSUT\\Semester 7\\BTP\\PQBFL_IMPLE_GIT\\PQBFL-main\\server\\tools', 'C:\\Users\\Haris\\anaconda3\\envs\\pqbfl_fix\\python310.zip', 'C:\\Users\\Haris\\anaconda3\\envs\\pqbfl_fix\\DLLs', 'C:\\Users\\Haris\\anaconda3\\envs\\pqbfl_fix\\lib', 'C:\\Users\\Haris\\anaconda3\\envs\\pqbfl_fix', 'C:\\Users\\Haris\\anaconda3\\envs\\pqbfl_fix\\lib\\site-packages', 'C:\\Users\\Haris\\anaconda3\\envs\\pqbfl_fix\\lib\\site-packages\\win32']
{
  "algorithm": "CKKS",
  "model_file": "local_HE_model_0x33D1Cb59E0d1fa33c4B3ff73607c8516670D800D.bin",
  "ctx_file": "CKKS_without_priv_key.pkl",
  "success": false,
  "error": "decrypt_exception:you need to provide a secret_key",
  "params_changed": 0,
  "time_s": 0.278
}
Error: Required modules not found or import failed: No module named 'simple_cnn_config'
sys.executable: C:\Users\Haris\anaconda3\envs\pqbfl_fix\python.exe
sys.path (first entries): ['D:\\Haris NSUT\\Semester 7\\BTP\\PQBFL_IMPLE_GIT\\PQBFL-main', 'D:\\Haris NSUT\\Semester 7\\BTP\\PQBFL_IMPLE_GIT\\PQBFL-main\\server\\tools', 'C:\\Users\\Haris\\anaconda3\\envs\\pqbfl_fix\\python310.zip', 'C:\\Users\\Haris\\anaconda3\\envs\\pqbfl_fix\\DLLs', 'C:\\Users\\Haris\\anaconda3\\envs\\pqbfl_fix\\lib', 'C:\\Users\\Haris\\anaconda3\\envs\\pqbfl_fix', 'C:\\Users\\Haris\\anaconda3\\envs\\pqbfl_fix\\lib\\site-packages', 'C:\\Users\\Haris\\anaconda3\\envs\\pqbfl_fix\\lib\\site-packages\\win32']
{
  "algorithm": "CKKS",
  "model_file": "local_HE_model_0x33D1Cb59E0d1fa33c4B3ff73607c8516670D800D.bin",
  "ctx_file": "CKKS_without_priv_key.pkl",
  "success": false,
  "error": "decrypt_exception:you need to provide a secret_key",
  "params_changed": 0,
  "time_s": 0.4775
}
Error: Required modules not found or import failed: No module named 'simple_cnn_config'
sys.executable: C:\Users\Haris\anaconda3\envs\pqbfl_fix\python.exe
sys.path (first entries): ['D:\\Haris NSUT\\Semester 7\\BTP\\PQBFL_IMPLE_GIT\\PQBFL-main', 'D:\\Haris NSUT\\Semester 7\\BTP\\PQBFL_IMPLE_GIT\\PQBFL-main\\server\\tools', 'C:\\Users\\Haris\\anaconda3\\envs\\pqbfl_fix\\python310.zip', 'C:\\Users\\Haris\\anaconda3\\envs\\pqbfl_fix\\DLLs', 'C:\\Users\\Haris\\anaconda3\\envs\\pqbfl_fix\\lib', 'C:\\Users\\Haris\\anaconda3\\envs\\pqbfl_fix', 'C:\\Users\\Haris\\anaconda3\\envs\\pqbfl_fix\\lib\\site-packages', 'C:\\Users\\Haris\\anaconda3\\envs\\pqbfl_fix\\lib\\site-packages\\win32']
{
  "algorithm": "CKKS",
  "model_file": "local_HE_model_0x33D1Cb59E0d1fa33c4B3ff73607c8516670D800D.bin",
  "ctx_file": "CKKS_without_priv_key.pkl",
  "success": false,
  "error": "decrypt_exception:you need to provide a secret_key",
  "params_changed": 0,
  "time_s": 0.4284
}
Error: Required modules not found or import failed: No module named 'simple_cnn_config'
sys.executable: C:\Users\Haris\anaconda3\envs\pqbfl_fix\python.exe
sys.path (first entries): ['D:\\Haris NSUT\\Semester 7\\BTP\\PQBFL_IMPLE_GIT\\PQBFL-main', 'D:\\Haris NSUT\\Semester 7\\BTP\\PQBFL_IMPLE_GIT\\PQBFL-main\\server\\tools', 'C:\\Users\\Haris\\anaconda3\\envs\\pqbfl_fix\\python310.zip', 'C:\\Users\\Haris\\anaconda3\\envs\\pqbfl_fix\\DLLs', 'C:\\Users\\Haris\\anaconda3\\envs\\pqbfl_fix\\lib', 'C:\\Users\\Haris\\anaconda3\\envs\\pqbfl_fix', 'C:\\Users\\Haris\\anaconda3\\envs\\pqbfl_fix\\lib\\site-packages', 'C:\\Users\\Haris\\anaconda3\\envs\\pqbfl_fix\\lib\\site-packages\\win32']
{
  "algorithm": "CKKS",
  "model_file": "local_HE_model_0x33D1Cb59E0d1fa33c4B3ff73607c8516670D800D.bin",
  "ctx_file": "CKKS_without_priv_key.pkl",
  "success": false,
  "error": "decrypt_exception:you need to provide a secret_key",
  "params_changed": 0,
  "time_s": 0.309
}
Error: Required modules not found or import failed: No module named 'simple_cnn_config'
sys.executable: C:\Users\Haris\anaconda3\envs\pqbfl_fix\python.exe
sys.path (first entries): ['D:\\Haris NSUT\\Semester 7\\BTP\\PQBFL_IMPLE_GIT\\PQBFL-main', 'D:\\Haris NSUT\\Semester 7\\BTP\\PQBFL_IMPLE_GIT\\PQBFL-main\\server\\tools', 'C:\\Users\\Haris\\anaconda3\\envs\\pqbfl_fix\\python310.zip', 'C:\\Users\\Haris\\anaconda3\\envs\\pqbfl_fix\\DLLs', 'C:\\Users\\Haris\\anaconda3\\envs\\pqbfl_fix\\lib', 'C:\\Users\\Haris\\anaconda3\\envs\\pqbfl_fix', 'C:\\Users\\Haris\\anaconda3\\envs\\pqbfl_fix\\lib\\site-packages', 'C:\\Users\\Haris\\anaconda3\\envs\\pqbfl_fix\\lib\\site-packages\\win32']
{
  "algorithm": "CKKS",
  "model_file": "local_HE_model_0x33D1Cb59E0d1fa33c4B3ff73607c8516670D800D.bin",
  "ctx_file": "CKKS_without_priv_key.pkl",
  "success": false,
  "error": "decrypt_exception:you need to provide a secret_key",
  "params_changed": 0,
  "time_s": 0.2877
}
Error: Required modules not found or import failed: No module named 'simple_cnn_config'
sys.executable: C:\Users\Haris\anaconda3\envs\pqbfl_fix\python.exe
sys.path (first entries): ['D:\\Haris NSUT\\Semester 7\\BTP\\PQBFL_IMPLE_GIT\\PQBFL-main', 'D:\\Haris NSUT\\Semester 7\\BTP\\PQBFL_IMPLE_GIT\\PQBFL-main\\server\\tools', 'C:\\Users\\Haris\\anaconda3\\envs\\pqbfl_fix\\python310.zip', 'C:\\Users\\Haris\\anaconda3\\envs\\pqbfl_fix\\DLLs', 'C:\\Users\\Haris\\anaconda3\\envs\\pqbfl_fix\\lib', 'C:\\Users\\Haris\\anaconda3\\envs\\pqbfl_fix', 'C:\\Users\\Haris\\anaconda3\\envs\\pqbfl_fix\\lib\\site-packages', 'C:\\Users\\Haris\\anaconda3\\envs\\pqbfl_fix\\lib\\site-packages\\win32']
